C51 COMPILER V9.54   MAIN                                                                  11/27/2025 15:56:45 PAGE 1   


C51 COMPILER V9.54, COMPILATION OF MODULE MAIN
OBJECT MODULE PLACED IN .\Objects\main.obj
COMPILER INVOKED BY: E:\Keil5 C51\Keil5 C51\C51\BIN\C51.EXE main.c OPTIMIZE(8,SPEED) BROWSE DEBUG OBJECTEXTEND PRINT(.\L
                    -istings\main.lst) OBJECT(.\Objects\main.obj)

line level    source

   1          #include "STC15.h"
   2          
   3          #include <Digital_LED.H>
   4          #include <Timer0.H>
   5          #include <DELAY.H>
   6          #include <Key.H>
   7          
   8          unsigned char num,key;
   9          
  10          void main(){
  11   1              Timer0_Init();
  12   1              led888_Init();
  13   1              while(1){
  14   2                      key=switch0000();
  15   2                      if(key!=0){
  16   3                              if(key==1){
  17   4                                      num=1;
  18   4                              }
  19   3                              if(key==2){
  20   4                                      num=2;
  21   4                              }
  22   3                              if(key==3){
  23   4                                      num=3;
  24   4                              }
  25   3                      }
  26   2              Set_888led(1,num);      
  27   2                      delay(10);
  28   2              }
  29   1      }
  30          
  31          
  32          void Timer0_Routine() interrupt 1
  33          {
  34   1              static  unsigned int T0Count,T0Count1;
  35   1              TL0 = 0x18;             //设置定时初值
  36   1              TH0 = 0xFC;             //设置定时初值
  37   1              T0Count++;
  38   1              T0Count1++;
  39   1              if(T0Count>=2)  //2毫秒,扫描数码管
  40   1              {
  41   2                      T0Count=0;
  42   2                      Scan_888led();
  43   2              }
  44   1              if(T0Count1>=20)  //20毫秒,扫描按键
  45   1              {
  46   2                      T0Count1=0;
  47   2                      Scan_key();
  48   2              }
  49   1      }
  50          


MODULE INFORMATION:   STATIC OVERLAYABLE
   CODE SIZE        =    174    ----
C51 COMPILER V9.54   MAIN                                                                  11/27/2025 15:56:45 PAGE 2   

   CONSTANT SIZE    =   ----    ----
   XDATA SIZE       =   ----    ----
   PDATA SIZE       =   ----    ----
   DATA SIZE        =      6    ----
   IDATA SIZE       =   ----    ----
   BIT SIZE         =   ----    ----
END OF MODULE INFORMATION.


C51 COMPILATION COMPLETE.  0 WARNING(S),  0 ERROR(S)
